--- the run
sequence sampled    : 0 1 3 4 10 100 200 150
get_inst_coverage() : 90.00
by IEEE 1800        : 9 bins after ignore_bins, 9 hit, 100.00
--- every bin, read back from build/coverage.dat
g.cp_val.b[0]  1  normal
g.cp_val.b[1]  1  normal
g.cp_val.b[2]  0  normal
g.cp_val.b[3]  1  normal
g.cp_val.four  1  normal
g.cp_val.low   1  normal
g.cp_val.w     1  normal
g.cp_val.high  1  normal
g.cp_val.ig    0  ignore
g.cp_val.rest  1  default
g.cp_seq.t01   1  normal
g.cp_seq.t013  1  normal
--- verilator_coverage summary
  covergroup : 83.3% (10/12)
verdict: the standard says 100.00; the tool keeps b[2] in the count
