     -.--ns INFO     gpi                                ../gpi/GpiCommon.cpp:242  in gpi_load_users                  Loaded entry library: '/opt/miniconda3/envs/dvbook/lib/libpython3.12.dylib'
     -.--ns INFO     gpi                                ../gpi/GpiCommon.cpp:234  in gpi_load_users                  Running entry func 'initialize' from loaded library '/opt/miniconda3/envs/dvbook/lib/python3.12/site-packages/cocotb/simulator.cpython-312-darwin.so'
     -.--ns INFO     pygpi                              ..ib/pygpi/embed.cpp:115  in initialize                      Using Python 3.12.10 interpreter at /opt/miniconda3/envs/dvbook/bin/python3.12
     -.--ns INFO     gpi                                ../gpi/GpiCommon.cpp:74   in gpi_print_registered_impl       GPI: VPI support registered
     0.00ns INFO     cocotb.initialize                  Seeding Python random module with 1788738690
     0.00ns INFO     cocotb.initialize                  Initialized cocotb v2.1.0 from /opt/miniconda3/envs/dvbook/lib/python3.12/site-packages/cocotb
     0.00ns INFO     cocotb.initialize                  Running on Icarus Verilog version 13.0 (stable)
     0.00ns INFO     cocotb.regression                  Running tests
     0.00ns INFO     cocotb.regression                  running test_fifo_random.random_pressure_finds_the_bug (1/1)
   271.00ns WARNING  cocotb.regression                  test_fifo_random.random_pressure_finds_the_bug failed
                                                        Traceback (most recent call last):
                                                          File "/Users/mkubavat/Silicon/DV/Book/examples/ch01-what-is-dv/cocotb/test_fifo_random.py", line 61, in random_pressure_finds_the_bug
                                                            assert full == (len(model) == DEPTH), (
                                                        AssertionError: cycle 25, write 22: full=1 with 15 entries; spec says full only at 16
                                                        assert True == (15 == 16)
                                                         +  where 15 = len(deque([4, 110, 14, 224, 119, 112, ...]))
   271.00ns INFO     cocotb.regression                  ********************************************************************************************************
                                                        ** TEST                                            STATUS  SIM TIME (ns)  REAL TIME (s)  RATIO (ns/s) **
                                                        ********************************************************************************************************
                                                        ** test_fifo_random.random_pressure_finds_the_bug   FAIL         271.00           0.00     350601.21  **
                                                        ********************************************************************************************************
                                                        ** TESTS=1 PASS=0 FAIL=1 SKIP=0                                  271.00           0.00     192346.32  **
                                                        ********************************************************************************************************
